Point stats
Total points: 12.00
Distance (min): 0.00
Distance (max): 5.16
Distance (avg): 2.52
